Product: MDK-ARM Professional 5.10
Component: ARM Compiler 5.04 update 1 (build 49)
Tool: armlink [5040049]

==============================================================================

Section Cross References

    main.o(i.main) refers to _printf_percent.o(.ARM.Collect$$_printf_percent$$00000000) for _printf_percent
    main.o(i.main) refers to _printf_s.o(.ARM.Collect$$_printf_percent$$00000014) for _printf_s
    main.o(i.main) refers to _printf_str.o(.text) for _printf_str
    main.o(i.main) refers to sysctl.o(i.SysCtlClockSet) for SysCtlClockSet
    main.o(i.main) refers to termio.o(i.TERMIO_Init) for TERMIO_Init
    main.o(i.main) refers to noretval__2printf.o(.text) for __2printf
    main.o(i.main) refers to puts.o(.text) for puts
    main.o(i.main) refers to enablepa25_pb23_pd7_pf0.o(i.PortFunctionInit) for PortFunctionInit
    main.o(i.main) refers to es_framework.o(i.ES_Initialize) for ES_Initialize
    main.o(i.main) refers to es_framework.o(i.ES_Run) for ES_Run
    eventcheckers.o(i.Check4Keystroke) refers to termio.o(i.kbhit) for kbhit
    eventcheckers.o(i.Check4Keystroke) refers to getc.o(.text) for getc
    eventcheckers.o(i.Check4Keystroke) refers to offenceservice.o(i.PostOffence) for PostOffence
    eventcheckers.o(i.Check4Keystroke) refers to defenceservice.o(i.PostDefence) for PostDefence
    eventcheckers.o(i.Check4Keystroke) refers to shooterservice.o(i.PostShooter) for PostShooter
    eventcheckers.o(i.Check4Keystroke) refers to mastersm.o(i.PostMasterSM) for PostMasterSM
    eventcheckers.o(i.Check4Keystroke) refers to reloadservice.o(i.PostReload) for PostReload
    eventcheckers.o(i.Check4Keystroke) refers to tapedetectorservice.o(i.PostTapeDetectorService) for PostTapeDetectorService
    eventcheckers.o(i.Check4Keystroke) refers to noretval__2printf.o(.text) for __2printf
    eventcheckers.o(i.Check4Keystroke) refers to spi.o(i.SPI_SetStatus) for SPI_SetStatus
    eventcheckers.o(i.Check4Keystroke) refers to retarget.o(.data) for __stdin
    motorservice.o(i.ControlLaw) refers to f2d.o(x$fpl$f2d) for __aeabi_f2d
    motorservice.o(i.ControlLaw) refers to dmul.o(x$fpl$dmul) for __aeabi_dmul
    motorservice.o(i.ControlLaw) refers to daddsub_clz.o(x$fpl$dadd) for __aeabi_dadd
    motorservice.o(i.ControlLaw) refers to d2f.o(x$fpl$d2f) for __aeabi_d2f
    motorservice.o(i.ControlLaw) refers to daddsub_clz.o(x$fpl$dsub) for __aeabi_dsub
    motorservice.o(i.ControlLaw) refers to pwmlib.o(i.PWM_SetDuty) for PWM_SetDuty
    motorservice.o(i.ControlLaw) refers to motorservice.o(.data) for .data
    motorservice.o(i.DRIVE_STRAIGHT) refers to motorservice.o(i.SetRPM1) for SetRPM1
    motorservice.o(i.DRIVE_STRAIGHT) refers to motorservice.o(i.SetRPM2) for SetRPM2
    motorservice.o(i.DRIVE_STRAIGHT) refers to motorservice.o(.data) for .data
    motorservice.o(i.GetSpeed) refers to motorservice.o(.data) for .data
    motorservice.o(i.GetSpeed2) refers to motorservice.o(.data) for .data
    motorservice.o(i.InputCaptureResponse) refers to motorservice.o(.data) for .data
    motorservice.o(i.InputCaptureResponse2) refers to motorservice.o(.data) for .data
    motorservice.o(i.PostStepService) refers to es_framework.o(i.ES_PostToService) for ES_PostToService
    motorservice.o(i.PostStepService) refers to motorservice.o(.data) for .data
    motorservice.o(i.RunStepService) refers to es_timers.o(i.ES_Timer_InitTimer) for ES_Timer_InitTimer
    motorservice.o(i.SETRPM) refers to motorservice.o(i.SetRPM1) for SetRPM1
    motorservice.o(i.SETRPM) refers to motorservice.o(i.SetRPM2) for SetRPM2
    motorservice.o(i.SETRPM) refers to motorservice.o(.data) for .data
    motorservice.o(i.STOP_MOTORS) refers to motorservice.o(i.SetRPM1) for SetRPM1
    motorservice.o(i.STOP_MOTORS) refers to motorservice.o(i.SetRPM2) for SetRPM2
    motorservice.o(i.SetRPM1) refers to motorservice.o(.data) for .data
    motorservice.o(i.SetRPM2) refers to motorservice.o(.data) for .data
    motorservice.o(i.TURN) refers to motorservice.o(.data) for .data
    motorservice.o(i.initializeStepService) refers to pwmlib.o(i.PWM_Init) for PWM_Init
    motorservice.o(i.initializeStepService) refers to pwmlib.o(i.PWM_SetFreq) for PWM_SetFreq
    motorservice.o(i.initializeStepService) refers to motorservice.o(i.InitPeriodicInt) for InitPeriodicInt
    motorservice.o(i.initializeStepService) refers to motorservice.o(i.InitInputCapture) for InitInputCapture
    motorservice.o(i.initializeStepService) refers to motorservice.o(i.InitInputCapture2) for InitInputCapture2
    motorservice.o(i.initializeStepService) refers to es_timers.o(i.ES_Timer_InitTimer) for ES_Timer_InitTimer
    motorservice.o(i.initializeStepService) refers to es_framework.o(i.ES_PostToService) for ES_PostToService
    motorservice.o(i.initializeStepService) refers to motorservice.o(.data) for .data
[...]
    .ARM.Collect$$libshutdown$$00000000      0x00000314   Section        2  libshutdown.o(.ARM.Collect$$libshutdown$$00000000)
    .ARM.Collect$$libshutdown$$00000003      0x00000316   Section        0  libshutdown2.o(.ARM.Collect$$libshutdown$$00000003)
    .ARM.Collect$$libshutdown$$00000006      0x00000316   Section        0  libshutdown2.o(.ARM.Collect$$libshutdown$$00000006)
    .ARM.Collect$$libshutdown$$00000009      0x00000316   Section        0  libshutdown2.o(.ARM.Collect$$libshutdown$$00000009)
    .ARM.Collect$$libshutdown$$0000000B      0x00000316   Section        0  libshutdown2.o(.ARM.Collect$$libshutdown$$0000000B)
    .ARM.Collect$$libshutdown$$0000000E      0x00000316   Section        0  libshutdown2.o(.ARM.Collect$$libshutdown$$0000000E)
    .ARM.Collect$$libshutdown$$0000000F      0x00000316   Section        2  libshutdown2.o(.ARM.Collect$$libshutdown$$0000000F)
    .ARM.Collect$$rtentry$$00000000          0x00000318   Section        0  rtentry.o(.ARM.Collect$$rtentry$$00000000)
    .ARM.Collect$$rtentry$$00000002          0x00000318   Section        0  rtentry2.o(.ARM.Collect$$rtentry$$00000002)
    .ARM.Collect$$rtentry$$00000004          0x00000318   Section        6  rtentry4.o(.ARM.Collect$$rtentry$$00000004)
    .ARM.Collect$$rtentry$$00000009          0x0000031e   Section        0  rtentry2.o(.ARM.Collect$$rtentry$$00000009)
    .ARM.Collect$$rtentry$$0000000A          0x0000031e   Section        4  rtentry2.o(.ARM.Collect$$rtentry$$0000000A)
    .ARM.Collect$$rtentry$$0000000C          0x00000322   Section        0  rtentry2.o(.ARM.Collect$$rtentry$$0000000C)
    .ARM.Collect$$rtentry$$0000000D          0x00000322   Section        8  rtentry2.o(.ARM.Collect$$rtentry$$0000000D)
    .ARM.Collect$$rtexit$$00000000           0x0000032a   Section        2  rtexit.o(.ARM.Collect$$rtexit$$00000000)
    .ARM.Collect$$rtexit$$00000002           0x0000032c   Section        0  rtexit2.o(.ARM.Collect$$rtexit$$00000002)
    .ARM.Collect$$rtexit$$00000003           0x0000032c   Section        4  rtexit2.o(.ARM.Collect$$rtexit$$00000003)
    .ARM.Collect$$rtexit$$00000004           0x00000330   Section        6  rtexit2.o(.ARM.Collect$$rtexit$$00000004)
    .emb_text                                0x00000338   Section        6  sysctl.o(.emb_text)
    $v0                                      0x00000338   Number         0  sysctl.o(.emb_text)
    .emb_text                                0x00000340   Section       38  cpu.o(.emb_text)
    $v0                                      0x00000340   Number         0  cpu.o(.emb_text)
    .text                                    0x00000368   Section       28  startup_rvmdk.o(.text)
    $v0                                      0x00000368   Number         0  startup_rvmdk.o(.text)
    .text                                    0x00000384   Section        2  use_no_semi.o(.text)
    .text                                    0x00000388   Section        0  noretval__2printf.o(.text)
    .text                                    0x000003a0   Section        0  __printf.o(.text)
    .text                                    0x00000408   Section        0  _printf_str.o(.text)
    .text                                    0x0000045c   Section        0  _printf_dec.o(.text)
    .text                                    0x000004d0   Section        0  puts.o(.text)
    .text                                    0x000004fc   Section        0  heapauxi.o(.text)
    .text                                    0x00000502   Section        0  _printf_intcommon.o(.text)
    .text                                    0x000005b4   Section        0  _printf_char.o(.text)
    .text                                    0x000005e0   Section        0  _printf_char_file.o(.text)
    .text                                    0x00000604   Section        0  _printf_char_common.o(.text)
    _printf_input_char                       0x00000605   Thumb Code    10  _printf_char_common.o(.text)
    .text                                    0x00000634   Section       74  sys_stackheap_outer.o(.text)
    .text                                    0x0000067e   Section        0  exit.o(.text)
    .text                                    0x0000068c   Section        8  libspace.o(.text)
    i.AlignWithLineAction                    0x00000694   Section        0  reloadservice.o(i.AlignWithLineAction)
    i.CPUgetPRIMASK_cpsid                    0x000006a8   Section        0  es_port.o(i.CPUgetPRIMASK_cpsid)
    i.CPUsetPRIMASK                          0x000006b0   Section        0  es_port.o(i.CPUsetPRIMASK)
    i.ControlLaw                             0x000006b8   Section        0  motorservice.o(i.ControlLaw)
    i.DRIVE_STRAIGHT                         0x000009e4   Section        0  motorservice.o(i.DRIVE_STRAIGHT)
    i.DecrementBallsInPoss                   0x00000a0c   Section        0  mastersm.o(i.DecrementBallsInPoss)
    i.DetecterInterruptResponse              0x00000a1c   Section        0  detecter_service.o(i.DetecterInterruptResponse)
    i.DisableControlPeriodicInt              0x00000a64   Section        0  reloadservice.o(i.DisableControlPeriodicInt)
    i.DriveToLineAction                      0x00000a74   Section        0  reloadservice.o(i.DriveToLineAction)
    i.ES_CheckUserEvents                     0x00000aa8   Section        0  es_checkevents.o(i.ES_CheckUserEvents)
    i.ES_DeQueue                             0x00000ad0   Section        0  es_queue.o(i.ES_DeQueue)
    i.ES_EnQueueFIFO                         0x00000b24   Section        0  es_queue.o(i.ES_EnQueueFIFO)
    i.ES_GetMSBitSet                         0x00000b6c   Section        0  es_lookuptables.o(i.ES_GetMSBitSet)
    i.ES_InitQueue                           0x00000ba0   Section        0  es_queue.o(i.ES_InitQueue)
    i.ES_Initialize                          0x00000bb0   Section        0  es_framework.o(i.ES_Initialize)
    i.ES_PostToService                       0x00000c00   Section        0  es_framework.o(i.ES_PostToService)
    i.ES_Run                                 0x00000c38   Section        0  es_framework.o(i.ES_Run)
    i.ES_ShortTimerInit                      0x00000ca8   Section        0  es_shorttimer.o(i.ES_ShortTimerInit)
    i.ES_ShortTimerStart                     0x00000ce0   Section        0  es_shorttimer.o(i.ES_ShortTimerStart)
    i.ES_Timer_Init                          0x00000d40   Section        0  es_timers.o(i.ES_Timer_Init)
    i.ES_Timer_InitTimer                     0x00000d44   Section        0  es_timers.o(i.ES_Timer_InitTimer)
    i.ES_Timer_Tick_Resp                     0x00000d80   Section        0  es_timers.o(i.ES_Timer_Tick_Resp)
    i.EmitStateAction                        0x00000dec   Section        0  reloadservice.o(i.EmitStateAction)
    i.GPIODirModeSet                         0x00000e08   Section        0  gpio.o(i.GPIODirModeSet)
    i.GPIOPadConfigSet                       0x00000e30   Section        0  gpio.o(i.GPIOPadConfigSet)
    i.GPIOPinConfigure                       0x00000f6c   Section        0  gpio.o(i.GPIOPinConfigure)
    i.GPIOPinTypeGPIOInput                   0x00000fb4   Section        0  gpio.o(i.GPIOPinTypeGPIOInput)
    i.GPIOPinTypeUART                        0x00000fd0   Section        0  gpio.o(i.GPIOPinTypeUART)
    i.GameStatusEventChecker                 0x00000fec   Section        0  spi.o(i.GameStatusEventChecker)
    i.GetAreWeAtTower                        0x0000122c   Section        0  mastersm.o(i.GetAreWeAtTower)
    i.GetBallsInPoss                         0x00001238   Section        0  mastersm.o(i.GetBallsInPoss)
    i.GetTapeValues                          0x00001244   Section        0  tapedetectorservice.o(i.GetTapeValues)
    i.IncrementBallsInPoss                   0x00001250   Section        0  mastersm.o(i.IncrementBallsInPoss)
    i.InitControlPeriodicInt                 0x00001260   Section        0  reloadservice.o(i.InitControlPeriodicInt)
    i.InitDefence                            0x000012d0   Section        0  defenceservice.o(i.InitDefence)
    i.InitDetecterInterrupt                  0x00001300   Section        0  detecter_service.o(i.InitDetecterInterrupt)
    InitDetecterInterrupt                    0x00001301   Thumb Code   154  detecter_service.o(i.InitDetecterInterrupt)
    i.InitDetecterService                    0x000013b0   Section        0  detecter_service.o(i.InitDetecterService)
    i.InitInputCapture                       0x0000141c   Section        0  motorservice.o(i.InitInputCapture)
    i.InitInputCapture2                      0x000014bc   Section        0  motorservice.o(i.InitInputCapture2)
    i.InitMasterSM                           0x0000155c   Section        0  mastersm.o(i.InitMasterSM)
    i.InitOffence                            0x000015c8   Section        0  offenceservice.o(i.InitOffence)
    i.InitPeriodicInt                        0x000015f8   Section        0  motorservice.o(i.InitPeriodicInt)
    i.InitReload                             0x00001668   Section        0  reloadservice.o(i.InitReload)
    i.InitShooter                            0x000016a4   Section        0  shooterservice.o(i.InitShooter)
    i.InitTapeDetectorService                0x000016c8   Section        0  tapedetectorservice.o(i.InitTapeDetectorService)
    i.InitTestHarnessService0                0x00001790   Section        0  testharnessservice0.o(i.InitTestHarnessService0)
    i.InputCaptureResponse                   0x000017f4   Section        0  motorservice.o(i.InputCaptureResponse)
    i.InputCaptureResponse2                  0x00001848   Section        0  motorservice.o(i.InputCaptureResponse2)
    i.IntEnable                              0x000018a0   Section        0  interrupt.o(i.IntEnable)
    i.IntMasterEnable                        0x00001904   Section        0  interrupt.o(i.IntMasterEnable)
    i.LFControlLaw                           0x00001914   Section        0  reloadservice.o(i.LFControlLaw)
    i.PWM_Init                               0x00001a28   Section        0  pwmlib.o(i.PWM_Init)
    i.PWM_SetDuty                            0x00002120   Section        0  pwmlib.o(i.PWM_SetDuty)
    i.PWM_SetFreq                            0x000022e4   Section        0  pwmlib.o(i.PWM_SetFreq)
    i.PortFunctionInit                       0x00002334   Section        0  enablepa25_pb23_pd7_pf0.o(i.PortFunctionInit)
    i.PostDefence                            0x000023d4   Section        0  defenceservice.o(i.PostDefence)
    i.PostMasterSM                           0x000023e4   Section        0  mastersm.o(i.PostMasterSM)
    i.PostOffence                            0x000023f4   Section        0  offenceservice.o(i.PostOffence)
    i.PostReload                             0x00002404   Section        0  reloadservice.o(i.PostReload)
    i.PostShooter                            0x00002414   Section        0  shooterservice.o(i.PostShooter)
    i.PostStepService                        0x00002424   Section        0  motorservice.o(i.PostStepService)
    i.PostTapeDetectorService                0x00002434   Section        0  tapedetectorservice.o(i.PostTapeDetectorService)
    i.RunDefence                             0x00002444   Section        0  defenceservice.o(i.RunDefence)
    i.RunMasterSM                            0x000025bc   Section        0  mastersm.o(i.RunMasterSM)
    i.RunOffence                             0x00002948   Section        0  offenceservice.o(i.RunOffence)
    i.RunReload                              0x00002a34   Section        0  reloadservice.o(i.RunReload)
    i.RunShooter                             0x00002c44   Section        0  shooterservice.o(i.RunShooter)
    i.RunStepService                         0x00002cd4   Section        0  motorservice.o(i.RunStepService)
    i.RunTapeDetectorService                 0x00002cf4   Section        0  tapedetectorservice.o(i.RunTapeDetectorService)
    i.RunTestHarnessService0                 0x00002e00   Section        0  testharnessservice0.o(i.RunTestHarnessService0)
    i.SETRPM                                 0x00002e08   Section        0  motorservice.o(i.SETRPM)
    i.SPI_GetShotClock                       0x00002e8c   Section        0  spi.o(i.SPI_GetShotClock)
    i.SPI_GetStatusMessage                   0x00002e98   Section        0  spi.o(i.SPI_GetStatusMessage)
    i.SPI_Init                               0x00002ee4   Section        0  spi.o(i.SPI_Init)
    i.SPI_InitPeriodic                       0x00003108   Section        0  spi.o(i.SPI_InitPeriodic)
    SPI_InitPeriodic                         0x00003109   Thumb Code    92  spi.o(i.SPI_InitPeriodic)
    i.SPI_IntResponse                        0x00003178   Section        0  spi.o(i.SPI_IntResponse)
    i.SPI_PeriodicResponse                   0x000031c4   Section        0  spi.o(i.SPI_PeriodicResponse)
    i.STOP_MOTORS                            0x00003210   Section        0  motorservice.o(i.STOP_MOTORS)
    i.Servo_Set_Pulse_Width                  0x00003230   Section        0  shooterservice.o(i.Servo_Set_Pulse_Width)
    Servo_Set_Pulse_Width                    0x00003231   Thumb Code    40  shooterservice.o(i.Servo_Set_Pulse_Width)
    i.SetRPM1                                0x00003260   Section        0  motorservice.o(i.SetRPM1)
    i.SetRPM2                                0x0000326c   Section        0  motorservice.o(i.SetRPM2)
    i.ShortTimerAHandler                     0x00003278   Section        0  es_shorttimer.o(i.ShortTimerAHandler)
    i.ShortTimerBHandler                     0x000032ac   Section        0  es_shorttimer.o(i.ShortTimerBHandler)
    i.SysCtlClockSet                         0x000032e4   Section        0  sysctl.o(i.SysCtlClockSet)
    i.SysCtlPeripheralEnable                 0x00003404   Section        0  sysctl.o(i.SysCtlPeripheralEnable)
    i.SysTickEnable                          0x0000342c   Section        0  systick.o(i.SysTickEnable)
    i.SysTickIntEnable                       0x0000343a   Section        0  systick.o(i.SysTickIntEnable)
    i.SysTickIntHandler                      0x00003448   Section        0  es_port.o(i.SysTickIntHandler)
    i.SysTickPeriodSet                       0x0000345c   Section        0  systick.o(i.SysTickPeriodSet)
    i.TERMIO_Init                            0x00003468   Section        0  termio.o(i.TERMIO_Init)
    i.TERMIO_PutChar                         0x000034b8   Section        0  termio.o(i.TERMIO_PutChar)
    i.TimerConfigure                         0x000034c4   Section        0  timer.o(i.TimerConfigure)
    i.TimerEnable                            0x00003524   Section        0  timer.o(i.TimerEnable)
    i.TimerIntClear                          0x00003532   Section        0  timer.o(i.TimerIntClear)
    i.TimerIntEnable                         0x00003536   Section        0  timer.o(i.TimerIntEnable)
    i.TimerLoadSet                           0x0000353e   Section        0  timer.o(i.TimerLoadSet)
    i.TimerPrescaleSet                       0x00003550   Section        0  timer.o(i.TimerPrescaleSet)
    i.TurnOffLights                          0x00003562   Section        0  mastersm.o(i.TurnOffLights)
    i.UARTCharPut                            0x0000356a   Section        0  uart.o(i.UARTCharPut)
    i.UARTClockSourceSet                     0x00003576   Section        0  uart.o(i.UARTClockSourceSet)
    i.UARTStdioConfig                        0x0000357c   Section        0  uartstdio.o(i.UARTStdioConfig)
    i._HW_DebugClearLine1                    0x000035d8   Section        0  es_port.o(i._HW_DebugClearLine1)
    i._HW_DebugClearLine2                    0x000035ec   Section        0  es_port.o(i._HW_DebugClearLine2)
    i._HW_DebugLines_Init                    0x00003600   Section        0  es_port.o(i._HW_DebugLines_Init)
    i._HW_DebugSetLine1                      0x00003638   Section        0  es_port.o(i._HW_DebugSetLine1)
    i._HW_DebugSetLine2                      0x0000364c   Section        0  es_port.o(i._HW_DebugSetLine2)
    i._HW_Process_Pending_Ints               0x00003660   Section        0  es_port.o(i._HW_Process_Pending_Ints)
    i._HW_Timer_Init                         0x00003680   Section        0  es_port.o(i._HW_Timer_Init)
    i._sys_exit                              0x00003696   Section        0  retarget.o(i._sys_exit)
    i.blastBeaconFreq                        0x00003698   Section        0  detecter_service.o(i.blastBeaconFreq)
    i.checkTowerDetected                     0x000036dc   Section        0  mastersm.o(i.checkTowerDetected)
    i.detStartOffenceState                   0x00003774   Section        0  offenceservice.o(i.detStartOffenceState)
    i.detStartReloadState                    0x00003838   Section        0  reloadservice.o(i.detStartReloadState)
    i.ferror                                 0x0000386c   Section        0  retarget.o(i.ferror)
    i.fputc                                  0x00003872   Section        0  retarget.o(i.fputc)
    i.getDetecterFreq                        0x00003880   Section        0  detecter_service.o(i.getDetecterFreq)
    i.initializeStepService                  0x000038b4   Section        0  motorservice.o(i.initializeStepService)
    i.main                                   0x0000391c   Section        0  main.o(i.main)
    x$fpl$d2f                                0x00003af0   Section       98  d2f.o(x$fpl$d2f)
    $v0                                      0x00003af0   Number         0  d2f.o(x$fpl$d2f)
    x$fpl$dadd                               0x00003b54   Section      336  daddsub_clz.o(x$fpl$dadd)
    $v0                                      0x00003b54   Number         0  daddsub_clz.o(x$fpl$dadd)
    _dadd1                                   0x00003b65   Thumb Code     0  daddsub_clz.o(x$fpl$dadd)
    x$fpl$ddiv                               0x00003ca4   Section      688  ddiv.o(x$fpl$ddiv)
    $v0                                      0x00003ca4   Number         0  ddiv.o(x$fpl$ddiv)
    ddiv_entry                               0x00003cab   Thumb Code     0  ddiv.o(x$fpl$ddiv)
    x$fpl$dfixu                              0x00003f54   Section       90  dfixu.o(x$fpl$dfixu)
    $v0                                      0x00003f54   Number         0  dfixu.o(x$fpl$dfixu)
    x$fpl$dfltu                              0x00003fae   Section       38  dflt_clz.o(x$fpl$dfltu)
    $v0                                      0x00003fae   Number         0  dflt_clz.o(x$fpl$dfltu)
    x$fpl$dmul                               0x00003fd4   Section      340  dmul.o(x$fpl$dmul)
    $v0                                      0x00003fd4   Number         0  dmul.o(x$fpl$dmul)
    x$fpl$dnaninf                            0x00004128   Section      156  dnaninf.o(x$fpl$dnaninf)
    $v0                                      0x00004128   Number         0  dnaninf.o(x$fpl$dnaninf)
    x$fpl$dretinf                            0x000041c4   Section       12  dretinf.o(x$fpl$dretinf)
    $v0                                      0x000041c4   Number         0  dretinf.o(x$fpl$dretinf)
    x$fpl$dsub                               0x000041d0   Section      468  daddsub_clz.o(x$fpl$dsub)
    $v0                                      0x000041d0   Number         0  daddsub_clz.o(x$fpl$dsub)
    _dsub1                                   0x000041e1   Thumb Code     0  daddsub_clz.o(x$fpl$dsub)
    x$fpl$f2d                                0x000043a4   Section       86  f2d.o(x$fpl$f2d)
    $v0                                      0x000043a4   Number         0  f2d.o(x$fpl$f2d)
    x$fpl$fnaninf                            0x000043fa   Section      140  fnaninf.o(x$fpl$fnaninf)
    $v0                                      0x000043fa   Number         0  fnaninf.o(x$fpl$fnaninf)
    x$fpl$fpinit                             0x00004486   Section       10  fpinit.o(x$fpl$fpinit)
    $v0                                      0x00004486   Number         0  fpinit.o(x$fpl$fpinit)
    x$fpl$fretinf                            0x00004490   Section       10  fretinf.o(x$fpl$fretinf)
    $v0                                      0x00004490   Number         0  fretinf.o(x$fpl$fretinf)
    x$fpl$usenofp                            0x0000449a   Section        0  usenofp.o(x$fpl$usenofp)
    .constdata                               0x0000449c   Section        8  es_checkevents.o(.constdata)
    ES_EventList                             0x0000449c   Data           8  es_checkevents.o(.constdata)
    .constdata                               0x000044a4   Section      128  es_framework.o(.constdata)
    ServDescList                             0x000044a4   Data          64  es_framework.o(.constdata)
    EventQueues                              0x000044e4   Data          64  es_framework.o(.constdata)
    .constdata                               0x00004524   Section       32  es_lookuptables.o(.constdata)
    .constdata                               0x00004544   Section       15  es_lookuptables.o(.constdata)
    .constdata                               0x00004554   Section       64  es_timers.o(.constdata)
    Timer2PostFunc                           0x00004554   Data          64  es_timers.o(.constdata)
    .constdata                               0x00004594   Section       28  uartstdio.o(.constdata)
    g_pcHex                                  0x00004594   Data           4  uartstdio.o(.constdata)
    g_ui32UARTBase                           0x00004598   Data          12  uartstdio.o(.constdata)
    g_ui32UARTPeriph                         0x000045a4   Data          12  uartstdio.o(.constdata)
    .constdata                               0x000045b0   Section      528  gpio.o(.constdata)
    g_ppui32GPIOIntMapBlizzard               0x000045b0   Data         192  gpio.o(.constdata)
    g_ppui32GPIOIntMapSnowflake              0x00004670   Data         192  gpio.o(.constdata)
    g_pui32GPIOBaseAddrs                     0x00004730   Data         144  gpio.o(.constdata)
    .constdata                               0x000047c0   Section      268  interrupt.o(.constdata)
    g_pui32Priority                          0x000047c0   Data          32  interrupt.o(.constdata)
    g_pui32Regs                              0x000047e0   Data         156  interrupt.o(.constdata)
    g_pui32EnRegs                            0x0000487c   Data          20  interrupt.o(.constdata)
    g_pui32Dii16Regs                         0x00004890   Data          20  interrupt.o(.constdata)
    g_pui32PendRegs                          0x000048a4   Data          20  interrupt.o(.constdata)
    g_pui32UnpendRegs                        0x000048b8   Data          20  interrupt.o(.constdata)
    .conststring                             0x000048cc   Section       75  reloadservice.o(.conststring)
    .conststring                             0x00004918   Section       66  offenceservice.o(.conststring)
    .conststring                             0x0000495c   Section       75  defenceservice.o(.conststring)
    .conststring                             0x000049a8   Section       17  uartstdio.o(.conststring)
    .data                                    0x20000000   Section       92  motorservice.o(.data)
    direction                                0x20000000   Data           1  motorservice.o(.data)
    MyPriority                               0x20000001   Data           1  motorservice.o(.data)
    EncoderCountM1                           0x20000004   Data           4  motorservice.o(.data)
    TargetRPM1                               0x20000008   Data           4  motorservice.o(.data)
    LastCount                                0x2000000c   Data           4  motorservice.o(.data)
    LastCount2                               0x20000010   Data           4  motorservice.o(.data)
    repeat                                   0x20000014   Data           4  motorservice.o(.data)
    IntegralTerm                             0x20000018   Data           4  motorservice.o(.data)
    IntegralTerm2                            0x2000001c   Data           4  motorservice.o(.data)
    EncoderCountM2                           0x20000020   Data           4  motorservice.o(.data)
    repeat2                                  0x20000024   Data           4  motorservice.o(.data)
    TargetRPM2                               0x20000028   Data           4  motorservice.o(.data)
    RPMError                                 0x2000002c   Data           4  motorservice.o(.data)
    LastError                                0x20000030   Data           4  motorservice.o(.data)
    RPMError2                                0x20000034   Data           4  motorservice.o(.data)
    LastError2                               0x20000038   Data           4  motorservice.o(.data)
    Period                                   0x2000003c   Data           4  motorservice.o(.data)
    LastCapture                              0x20000040   Data           4  motorservice.o(.data)
    NowSpeed                                 0x20000044   Data           4  motorservice.o(.data)
    RequestedDuty                            0x20000048   Data           4  motorservice.o(.data)
    Period2                                  0x2000004c   Data           4  motorservice.o(.data)
    LastCapture2                             0x20000050   Data           4  motorservice.o(.data)
    NowSpeed2                                0x20000054   Data           4  motorservice.o(.data)
    RequestedDuty2                           0x20000058   Data           4  motorservice.o(.data)
    .data                                    0x2000005c   Section        1  testharnessservice0.o(.data)
    MyPriority                               0x2000005c   Data           1  testharnessservice0.o(.data)
    .data                                    0x2000005d   Section       11  spi.o(.data)
    counter                                  0x2000005d   Data           1  spi.o(.data)
    PrevSSByte                               0x2000005e   Data           1  spi.o(.data)
    Team                                     0x2000005f   Data           1  spi.o(.data)
    StatusIn                                 0x20000060   Data           4  spi.o(.data)
    ScoreIn                                  0x20000064   Data           4  spi.o(.data)
    .data                                    0x20000068   Section        4  tapedetectorservice.o(.data)
    PrevTapeValues                           0x20000068   Data           1  tapedetectorservice.o(.data)
    TapeValues                               0x20000069   Data           1  tapedetectorservice.o(.data)
    CurrentState                             0x2000006a   Data           1  tapedetectorservice.o(.data)
    MyPriority                               0x2000006b   Data           1  tapedetectorservice.o(.data)
    .data                                    0x2000006c   Section       20  detecter_service.o(.data)
    counter                                  0x2000006c   Data           2  detecter_service.o(.data)
    ActualPeriod                             0x20000070   Data           4  detecter_service.o(.data)
    PotentialPeriod                          0x20000074   Data           4  detecter_service.o(.data)
    TempPeriod                               0x20000078   Data           4  detecter_service.o(.data)
    LastCapture                              0x2000007c   Data           4  detecter_service.o(.data)
    .data                                    0x20000080   Section       16  reloadservice.o(.data)
    DEFAULT_FORWARD_RPM                      0x20000080   Data           1  reloadservice.o(.data)
    FaceOffFlag                              0x20000081   Data           1  reloadservice.o(.data)
    CurrentState                             0x20000082   Data           1  reloadservice.o(.data)
    MyPriority                               0x20000083   Data           1  reloadservice.o(.data)
    error                                    0x20000084   Data           4  reloadservice.o(.data)
    prev_error                               0x20000088   Data           4  reloadservice.o(.data)
    RPM_Correction                           0x2000008c   Data           4  reloadservice.o(.data)
    .data                                    0x20000090   Section        2  offenceservice.o(.data)
    CurrentState                             0x20000090   Data           1  offenceservice.o(.data)
    MyPriority                               0x20000091   Data           1  offenceservice.o(.data)
    .data                                    0x20000092   Section        1  shooterservice.o(.data)
    MyPriority                               0x20000092   Data           1  shooterservice.o(.data)
    .data                                    0x20000093   Section        2  defenceservice.o(.data)
    CurrentState                             0x20000093   Data           1  defenceservice.o(.data)
    MyPriority                               0x20000094   Data           1  defenceservice.o(.data)
    .data                                    0x20000095   Section        8  mastersm.o(.data)
    Balls_In_Poss                            0x20000095   Data           1  mastersm.o(.data)
    AreWeAtTower                             0x20000096   Data           1  mastersm.o(.data)
    PrevLeftSwitchState                      0x20000097   Data           1  mastersm.o(.data)
    PrevRightSwitchState                     0x20000098   Data           1  mastersm.o(.data)
    LeftSwitchState                          0x20000099   Data           1  mastersm.o(.data)
    RightSwitchState                         0x2000009a   Data           1  mastersm.o(.data)
    CurrentState                             0x2000009b   Data           1  mastersm.o(.data)
    MyPriority                               0x2000009c   Data           1  mastersm.o(.data)
    .data                                    0x2000009d   Section        2  es_shorttimer.o(.data)
    Timer_A_Priority                         0x2000009d   Data           1  es_shorttimer.o(.data)
    Timer_B_Priority                         0x2000009e   Data           1  es_shorttimer.o(.data)
    .data                                    0x200000a0   Section        6  es_framework.o(.data)
    ThisEvent                                0x200000a2   Data           4  es_framework.o(.data)
    .data                                    0x200000a6   Section        4  es_port.o(.data)
    TickCount                                0x200000a6   Data           1  es_port.o(.data)
    SysTickCounter                           0x200000a8   Data           2  es_port.o(.data)
    .data                                    0x200000ac   Section        4  es_port.o(.data)
    .data                                    0x200000b0   Section       10  es_timers.o(.data)
    NextTimer2Process                        0x200000b0   Data           1  es_timers.o(.data)
    NeedsProcessing                          0x200000b2   Data           2  es_timers.o(.data)
    TMR_ActiveFlags                          0x200000b4   Data           2  es_timers.o(.data)
    NewEvent                                 0x200000b6   Data           4  es_timers.o(.data)
    .data                                    0x200000bc   Section        4  retarget.o(.data)
    .data                                    0x200000c0   Section        8  uartstdio.o(.data)
    bLastWasCR                               0x200000c0   Data           1  uartstdio.o(.data)
    g_ui32Base                               0x200000c4   Data           4  uartstdio.o(.data)
    .bss                                     0x200000c8   Section       24  es_framework.o(.bss)
    Queue0                                   0x200000c8   Data          24  es_framework.o(.bss)
    .bss                                     0x200000e0   Section       16  es_framework.o(.bss)
    Queue1                                   0x200000e0   Data          16  es_framework.o(.bss)
    .bss                                     0x200000f0   Section       16  es_framework.o(.bss)
    Queue2                                   0x200000f0   Data          16  es_framework.o(.bss)
    .bss                                     0x20000100   Section       16  es_framework.o(.bss)
    Queue3                                   0x20000100   Data          16  es_framework.o(.bss)
    .bss                                     0x20000110   Section       16  es_framework.o(.bss)
    Queue4                                   0x20000110   Data          16  es_framework.o(.bss)
    .bss                                     0x20000120   Section       16  es_framework.o(.bss)
    Queue5                                   0x20000120   Data          16  es_framework.o(.bss)
    .bss                                     0x20000130   Section       16  es_framework.o(.bss)
    Queue6                                   0x20000130   Data          16  es_framework.o(.bss)
    .bss                                     0x20000140   Section       16  es_framework.o(.bss)
    Queue7                                   0x20000140   Data          16  es_framework.o(.bss)
    .bss                                     0x20000150   Section       32  es_timers.o(.bss)
    TMR_TimerArray                           0x20000150   Data          32  es_timers.o(.bss)
    .bss                                     0x20000170   Section       96  libspace.o(.bss)
    HEAP                                     0x200001d0   Section     4096  startup_rvmdk.o(HEAP)
    HeapMem                                  0x200001d0   Data           0  startup_rvmdk.o(HEAP)
    STACK                                    0x200011d0   Section     2048  startup_rvmdk.o(STACK)
    StackMem                                 0x200011d0   Data           0  startup_rvmdk.o(STACK)

    Global Symbols

    Symbol Name                              Value     Ov Type        Size  Object(Section)

    BuildAttributes$$THM_ISAv4$E$P$D$K$B$S$7EM$VFPi3$EXTD16$VFPS$VFMA$PE$A:L22UL41UL21$X:L11$S22US41US21$IEEE1$IW$USESV6$~STKCKD$USESV7$~SHL$OTIME$ROPI$EBA8$UX$STANDARDLIB$REQ8$PRES8$EABIv2 0x00000000   Number         0  anon$$obj.o ABSOLUTE
    __ARM_use_no_argv                        0x00000000   Number         0  main.o ABSOLUTE
    __Vectors                                0x00000000   Data           0  startup_rvmdk.o(RESET)
    __ARM_exceptions_init                     - Undefined Weak Reference
    __alloca_initialize                       - Undefined Weak Reference
    __cpp_initialize__aeabi_                  - Undefined Weak Reference
    __cxa_finalize                            - Undefined Weak Reference
    __rt_locale                               - Undefined Weak Reference
    __sigvec_lookup                           - Undefined Weak Reference
    _atexit_init                              - Undefined Weak Reference
    _call_atexit_fns                          - Undefined Weak Reference
    _clock_init                               - Undefined Weak Reference
    _fp_trap_init                             - Undefined Weak Reference
    _fp_trap_shutdown                         - Undefined Weak Reference
    _get_lc_collate                           - Undefined Weak Reference
    _get_lc_ctype                             - Undefined Weak Reference
    _get_lc_monetary                          - Undefined Weak Reference
    _get_lc_numeric                           - Undefined Weak Reference
    _get_lc_time                              - Undefined Weak Reference
    _getenv_init                              - Undefined Weak Reference
    _handle_redirection                       - Undefined Weak Reference
    _init_alloc                               - Undefined Weak Reference
    _init_user_alloc                          - Undefined Weak Reference
    _initio                                   - Undefined Weak Reference
    _printf_mbtowc                            - Undefined Weak Reference
    _printf_post_padding                      - Undefined Weak Reference
    _printf_pre_padding                       - Undefined Weak Reference
    _printf_truncate_signed                   - Undefined Weak Reference
    _printf_truncate_unsigned                 - Undefined Weak Reference
    _rand_init                                - Undefined Weak Reference
    _signal_finish                            - Undefined Weak Reference
    _signal_init                              - Undefined Weak Reference
    _terminate_alloc                          - Undefined Weak Reference
    _terminate_user_alloc                     - Undefined Weak Reference
    _terminateio                              - Undefined Weak Reference
    Reset_Handler                            0x0000026d   Thumb Code     0  startup_rvmdk.o(RESET)
    __main                                   0x00000289   Thumb Code     8  __main.o(!!!main)
    __scatterload                            0x00000291   Thumb Code     0  __scatter.o(!!!scatter)
    __scatterload_rt2                        0x00000291   Thumb Code    44  __scatter.o(!!!scatter)
    __scatterload_rt2_thumb_only             0x00000291   Thumb Code     0  __scatter.o(!!!scatter)
    __scatterload_null                       0x0000029f   Thumb Code     0  __scatter.o(!!!scatter)
    __scatterload_copy                       0x000002c5   Thumb Code    26  __scatter_copy.o(!!handler_copy)
    __scatterload_zeroinit                   0x000002e1   Thumb Code    28  __scatter_zi.o(!!handler_zi)
    _printf_d                                0x000002fd   Thumb Code     0  _printf_d.o(.ARM.Collect$$_printf_percent$$00000009)
    _printf_percent                          0x000002fd   Thumb Code     0  _printf_percent.o(.ARM.Collect$$_printf_percent$$00000000)
    _printf_s                                0x00000303   Thumb Code     0  _printf_s.o(.ARM.Collect$$_printf_percent$$00000014)
    _printf_percent_end                      0x00000309   Thumb Code     0  _printf_percent_end.o(.ARM.Collect$$_printf_percent$$00000017)
    __rt_lib_init                            0x0000030d   Thumb Code     0  libinit.o(.ARM.Collect$$libinit$$00000000)
    __rt_lib_init_fp_1                       0x0000030f   Thumb Code     0  libinit2.o(.ARM.Collect$$libinit$$00000001)
    __rt_lib_init_alloca_1                   0x00000313   Thumb Code     0  libinit2.o(.ARM.Collect$$libinit$$0000002C)
    __rt_lib_init_argv_1                     0x00000313   Thumb Code     0  libinit2.o(.ARM.Collect$$libinit$$0000002A)
    __rt_lib_init_atexit_1                   0x00000313   Thumb Code     0  libinit2.o(.ARM.Collect$$libinit$$00000019)
    __rt_lib_init_clock_1                    0x00000313   Thumb Code     0  libinit2.o(.ARM.Collect$$libinit$$0000001F)
    __rt_lib_init_cpp_1                      0x00000313   Thumb Code     0  libinit2.o(.ARM.Collect$$libinit$$00000030)
    __rt_lib_init_exceptions_1               0x00000313   Thumb Code     0  libinit2.o(.ARM.Collect$$libinit$$0000002E)
    __rt_lib_init_fp_trap_1                  0x00000313   Thumb Code     0  libinit2.o(.ARM.Collect$$libinit$$0000001D)
    __rt_lib_init_getenv_1                   0x00000313   Thumb Code     0  libinit2.o(.ARM.Collect$$libinit$$00000021)
    __rt_lib_init_heap_1                     0x00000313   Thumb Code     0  libinit2.o(.ARM.Collect$$libinit$$00000008)
    __rt_lib_init_lc_collate_1               0x00000313   Thumb Code     0  libinit2.o(.ARM.Collect$$libinit$$0000000F)
    __rt_lib_init_lc_ctype_1                 0x00000313   Thumb Code     0  libinit2.o(.ARM.Collect$$libinit$$00000011)
    __rt_lib_init_lc_monetary_1              0x00000313   Thumb Code     0  libinit2.o(.ARM.Collect$$libinit$$00000013)
    __rt_lib_init_lc_numeric_1               0x00000313   Thumb Code     0  libinit2.o(.ARM.Collect$$libinit$$00000015)
    __rt_lib_init_lc_time_1                  0x00000313   Thumb Code     0  libinit2.o(.ARM.Collect$$libinit$$00000017)
    __rt_lib_init_rand_1                     0x00000313   Thumb Code     0  libinit2.o(.ARM.Collect$$libinit$$0000000C)
    __rt_lib_init_return                     0x00000313   Thumb Code     0  libinit2.o(.ARM.Collect$$libinit$$00000031)
    __rt_lib_init_signal_1                   0x00000313   Thumb Code     0  libinit2.o(.ARM.Collect$$libinit$$0000001B)
    __rt_lib_init_stdio_1                    0x00000313   Thumb Code     0  libinit2.o(.ARM.Collect$$libinit$$00000023)
    __rt_lib_init_user_alloc_1               0x00000313   Thumb Code     0  libinit2.o(.ARM.Collect$$libinit$$0000000A)
    __rt_lib_shutdown                        0x00000315   Thumb Code     0  libshutdown.o(.ARM.Collect$$libshutdown$$00000000)
    __rt_lib_shutdown_fp_trap_1              0x00000317   Thumb Code     0  libshutdown2.o(.ARM.Collect$$libshutdown$$00000006)
    __rt_lib_shutdown_heap_1                 0x00000317   Thumb Code     0  libshutdown2.o(.ARM.Collect$$libshutdown$$0000000E)
    __rt_lib_shutdown_return                 0x00000317   Thumb Code     0  libshutdown2.o(.ARM.Collect$$libshutdown$$0000000F)
    __rt_lib_shutdown_signal_1               0x00000317   Thumb Code     0  libshutdown2.o(.ARM.Collect$$libshutdown$$00000009)
    __rt_lib_shutdown_stdio_1                0x00000317   Thumb Code     0  libshutdown2.o(.ARM.Collect$$libshutdown$$00000003)
    __rt_lib_shutdown_user_alloc_1           0x00000317   Thumb Code     0  libshutdown2.o(.ARM.Collect$$libshutdown$$0000000B)
    __rt_entry                               0x00000319   Thumb Code     0  rtentry.o(.ARM.Collect$$rtentry$$00000000)
    __rt_entry_presh_1                       0x00000319   Thumb Code     0  rtentry2.o(.ARM.Collect$$rtentry$$00000002)
    __rt_entry_sh                            0x00000319   Thumb Code     0  rtentry4.o(.ARM.Collect$$rtentry$$00000004)
    __rt_entry_li                            0x0000031f   Thumb Code     0  rtentry2.o(.ARM.Collect$$rtentry$$0000000A)
    __rt_entry_postsh_1                      0x0000031f   Thumb Code     0  rtentry2.o(.ARM.Collect$$rtentry$$00000009)
    __rt_entry_main                          0x00000323   Thumb Code     0  rtentry2.o(.ARM.Collect$$rtentry$$0000000D)
    __rt_entry_postli_1                      0x00000323   Thumb Code     0  rtentry2.o(.ARM.Collect$$rtentry$$0000000C)
    __rt_exit                                0x0000032b   Thumb Code     0  rtexit.o(.ARM.Collect$$rtexit$$00000000)
    __rt_exit_ls                             0x0000032d   Thumb Code     0  rtexit2.o(.ARM.Collect$$rtexit$$00000003)
    __rt_exit_prels_1                        0x0000032d   Thumb Code     0  rtexit2.o(.ARM.Collect$$rtexit$$00000002)
    __rt_exit_exit                           0x00000331   Thumb Code     0  rtexit2.o(.ARM.Collect$$rtexit$$00000004)
    SysCtlDelay                              0x00000339   Thumb Code     6  sysctl.o(.emb_text)
    CPUcpsid                                 0x00000341   Thumb Code     8  cpu.o(.emb_text)
    CPUprimask                               0x00000349   Thumb Code     6  cpu.o(.emb_text)
    CPUcpsie                                 0x0000034f   Thumb Code     8  cpu.o(.emb_text)
    CPUwfi                                   0x00000357   Thumb Code     4  cpu.o(.emb_text)
    CPUbasepriSet                            0x0000035b   Thumb Code     6  cpu.o(.emb_text)
    CPUbasepriGet                            0x00000361   Thumb Code     6  cpu.o(.emb_text)
    __user_initial_stackheap                 0x00000369   Thumb Code     0  startup_rvmdk.o(.text)
    __I$use$semihosting                      0x00000385   Thumb Code     0  use_no_semi.o(.text)
    __use_no_semihosting_swi                 0x00000385   Thumb Code     2  use_no_semi.o(.text)
    __2printf                                0x00000389   Thumb Code    20  noretval__2printf.o(.text)
    __printf                                 0x000003a1   Thumb Code   104  __printf.o(.text)
    _printf_str                              0x00000409   Thumb Code    82  _printf_str.o(.text)
    _printf_int_dec                          0x0000045d   Thumb Code   100  _printf_dec.o(.text)
    puts                                     0x000004d1   Thumb Code    40  puts.o(.text)
    __use_two_region_memory                  0x000004fd   Thumb Code     2  heapauxi.o(.text)
    __rt_heap_escrow$2region                 0x000004ff   Thumb Code     2  heapauxi.o(.text)
    __rt_heap_expand$2region                 0x00000501   Thumb Code     2  heapauxi.o(.text)
    _printf_int_common                       0x00000503   Thumb Code   178  _printf_intcommon.o(.text)
    _printf_cs_common                        0x000005b5   Thumb Code    20  _printf_char.o(.text)
    _printf_char                             0x000005c9   Thumb Code    16  _printf_char.o(.text)
    _printf_string                           0x000005d9   Thumb Code     8  _printf_char.o(.text)
    _printf_char_file                        0x000005e1   Thumb Code    32  _printf_char_file.o(.text)
    _printf_char_common                      0x0000060f   Thumb Code    32  _printf_char_common.o(.text)
    __user_setup_stackheap                   0x00000635   Thumb Code    74  sys_stackheap_outer.o(.text)
    exit                                     0x0000067f   Thumb Code    12  exit.o(.text)
    __user_libspace                          0x0000068d   Thumb Code     8  libspace.o(.text)
    __user_perproc_libspace                  0x0000068d   Thumb Code     0  libspace.o(.text)
    __user_perthread_libspace                0x0000068d   Thumb Code     0  libspace.o(.text)
    AlignWithLineAction                      0x00000695   Thumb Code    12  reloadservice.o(i.AlignWithLineAction)
    CPUgetPRIMASK_cpsid                      0x000006a9   Thumb Code     8  es_port.o(i.CPUgetPRIMASK_cpsid)
    CPUsetPRIMASK                            0x000006b1   Thumb Code     6  es_port.o(i.CPUsetPRIMASK)
    ControlLaw                               0x000006b9   Thumb Code   766  motorservice.o(i.ControlLaw)
    DRIVE_STRAIGHT                           0x000009e5   Thumb Code    36  motorservice.o(i.DRIVE_STRAIGHT)
    DecrementBallsInPoss                     0x00000a0d   Thumb Code    10  mastersm.o(i.DecrementBallsInPoss)
    DetecterInterruptResponse                0x00000a1d   Thumb Code    64  detecter_service.o(i.DetecterInterruptResponse)
    DisableControlPeriodicInt                0x00000a65   Thumb Code    12  reloadservice.o(i.DisableControlPeriodicInt)
    DriveToLineAction                        0x00000a75   Thumb Code    38  reloadservice.o(i.DriveToLineAction)
    ES_CheckUserEvents                       0x00000aa9   Thumb Code    34  es_checkevents.o(i.ES_CheckUserEvents)
    ES_DeQueue                               0x00000ad1   Thumb Code    80  es_queue.o(i.ES_DeQueue)
    ES_EnQueueFIFO                           0x00000b25   Thumb Code    66  es_queue.o(i.ES_EnQueueFIFO)
    ES_GetMSBitSet                           0x00000b6d   Thumb Code    48  es_lookuptables.o(i.ES_GetMSBitSet)
    ES_InitQueue                             0x00000ba1   Thumb Code    16  es_queue.o(i.ES_InitQueue)
    ES_Initialize                            0x00000bb1   Thumb Code    76  es_framework.o(i.ES_Initialize)
    ES_PostToService                         0x00000c01   Thumb Code    42  es_framework.o(i.ES_PostToService)
    ES_Run                                   0x00000c39   Thumb Code   100  es_framework.o(i.ES_Run)
    ES_ShortTimerInit                        0x00000ca9   Thumb Code    40  es_shorttimer.o(i.ES_ShortTimerInit)
    ES_ShortTimerStart                       0x00000ce1   Thumb Code    90  es_shorttimer.o(i.ES_ShortTimerStart)
    ES_Timer_Init                            0x00000d41   Thumb Code     4  es_timers.o(i.ES_Timer_Init)
    ES_Timer_InitTimer                       0x00000d45   Thumb Code    44  es_timers.o(i.ES_Timer_InitTimer)
    ES_Timer_Tick_Resp                       0x00000d81   Thumb Code    90  es_timers.o(i.ES_Timer_Tick_Resp)
    EmitStateAction                          0x00000ded   Thumb Code    28  reloadservice.o(i.EmitStateAction)
    GPIODirModeSet                           0x00000e09   Thumb Code    40  gpio.o(i.GPIODirModeSet)
    GPIOPadConfigSet                         0x00000e31   Thumb Code   314  gpio.o(i.GPIOPadConfigSet)
    GPIOPinConfigure                         0x00000f6d   Thumb Code    64  gpio.o(i.GPIOPinConfigure)
    GPIOPinTypeGPIOInput                     0x00000fb5   Thumb Code    28  gpio.o(i.GPIOPinTypeGPIOInput)
    GPIOPinTypeUART                          0x00000fd1   Thumb Code    28  gpio.o(i.GPIOPinTypeUART)
    GameStatusEventChecker                   0x00000fed   Thumb Code   188  spi.o(i.GameStatusEventChecker)
    GetAreWeAtTower                          0x0000122d   Thumb Code     6  mastersm.o(i.GetAreWeAtTower)
    GetBallsInPoss                           0x00001239   Thumb Code     6  mastersm.o(i.GetBallsInPoss)
    GetTapeValues                            0x00001245   Thumb Code     6  tapedetectorservice.o(i.GetTapeValues)
    IncrementBallsInPoss                     0x00001251   Thumb Code    10  mastersm.o(i.IncrementBallsInPoss)
    InitControlPeriodicInt                   0x00001261   Thumb Code    92  reloadservice.o(i.InitControlPeriodicInt)
    InitDefence                              0x000012d1   Thumb Code    20  defenceservice.o(i.InitDefence)
    InitDetecterService                      0x000013b1   Thumb Code    28  detecter_service.o(i.InitDetecterService)
    InitInputCapture                         0x0000141d   Thumb Code   144  motorservice.o(i.InitInputCapture)
    InitInputCapture2                        0x000014bd   Thumb Code   144  motorservice.o(i.InitInputCapture2)
    InitMasterSM                             0x0000155d   Thumb Code    50  mastersm.o(i.InitMasterSM)
    InitOffence                              0x000015c9   Thumb Code    20  offenceservice.o(i.InitOffence)
    InitPeriodicInt                          0x000015f9   Thumb Code    92  motorservice.o(i.InitPeriodicInt)
    InitReload                               0x00001669   Thumb Code    20  reloadservice.o(i.InitReload)
    InitShooter                              0x000016a5   Thumb Code    32  shooterservice.o(i.InitShooter)
    InitTapeDetectorService                  0x000016c9   Thumb Code   112  tapedetectorservice.o(i.InitTapeDetectorService)
    InitTestHarnessService0                  0x00001791   Thumb Code    24  testharnessservice0.o(i.InitTestHarnessService0)
    InputCaptureResponse                     0x000017f5   Thumb Code    72  motorservice.o(i.InputCaptureResponse)
    InputCaptureResponse2                    0x00001849   Thumb Code    74  motorservice.o(i.InputCaptureResponse2)
    IntEnable                                0x000018a1   Thumb Code    92  interrupt.o(i.IntEnable)
    IntMasterEnable                          0x00001905   Thumb Code    14  interrupt.o(i.IntMasterEnable)
    LFControlLaw                             0x00001915   Thumb Code   244  reloadservice.o(i.LFControlLaw)
    PWM_Init                                 0x00001a29   Thumb Code  1690  pwmlib.o(i.PWM_Init)
    PWM_SetDuty                              0x00002121   Thumb Code   442  pwmlib.o(i.PWM_SetDuty)
    PWM_SetFreq                              0x000022e5   Thumb Code    66  pwmlib.o(i.PWM_SetFreq)
    PortFunctionInit                         0x00002335   Thumb Code   132  enablepa25_pb23_pd7_pf0.o(i.PortFunctionInit)
    PostDefence                              0x000023d5   Thumb Code    10  defenceservice.o(i.PostDefence)
    PostMasterSM                             0x000023e5   Thumb Code    10  mastersm.o(i.PostMasterSM)
    PostOffence                              0x000023f5   Thumb Code    10  offenceservice.o(i.PostOffence)
    PostReload                               0x00002405   Thumb Code    10  reloadservice.o(i.PostReload)
    PostShooter                              0x00002415   Thumb Code    10  shooterservice.o(i.PostShooter)
    PostStepService                          0x00002425   Thumb Code    10  motorservice.o(i.PostStepService)
    PostTapeDetectorService                  0x00002435   Thumb Code    10  tapedetectorservice.o(i.PostTapeDetectorService)
    RunDefence                               0x00002445   Thumb Code   170  defenceservice.o(i.RunDefence)
    RunMasterSM                              0x000025bd   Thumb Code   396  mastersm.o(i.RunMasterSM)
    RunOffence                               0x00002949   Thumb Code    88  offenceservice.o(i.RunOffence)
    RunReload                                0x00002a35   Thumb Code   176  reloadservice.o(i.RunReload)
    RunShooter                               0x00002c45   Thumb Code    70  shooterservice.o(i.RunShooter)
    RunStepService                           0x00002cd5   Thumb Code    30  motorservice.o(i.RunStepService)
    RunTapeDetectorService                   0x00002cf5   Thumb Code   186  tapedetectorservice.o(i.RunTapeDetectorService)
    RunTestHarnessService0                   0x00002e01   Thumb Code     8  testharnessservice0.o(i.RunTestHarnessService0)
    SETRPM                                   0x00002e09   Thumb Code   126  motorservice.o(i.SETRPM)
    SPI_GetShotClock                         0x00002e8d   Thumb Code     6  spi.o(i.SPI_GetShotClock)
    SPI_GetStatusMessage                     0x00002e99   Thumb Code    70  spi.o(i.SPI_GetStatusMessage)
    SPI_Init                                 0x00002ee5   Thumb Code   346  spi.o(i.SPI_Init)
    SPI_IntResponse                          0x00003179   Thumb Code    66  spi.o(i.SPI_IntResponse)
    SPI_PeriodicResponse                     0x000031c5   Thumb Code    64  spi.o(i.SPI_PeriodicResponse)
    STOP_MOTORS                              0x00003211   Thumb Code    26  motorservice.o(i.STOP_MOTORS)
    SetRPM1                                  0x00003261   Thumb Code     8  motorservice.o(i.SetRPM1)
    SetRPM2                                  0x0000326d   Thumb Code     8  motorservice.o(i.SetRPM2)
    ShortTimerAHandler                       0x00003279   Thumb Code    42  es_shorttimer.o(i.ShortTimerAHandler)
    ShortTimerBHandler                       0x000032ad   Thumb Code    46  es_shorttimer.o(i.ShortTimerBHandler)
    SysCtlClockSet                           0x000032e5   Thumb Code   270  sysctl.o(i.SysCtlClockSet)
    SysCtlPeripheralEnable                   0x00003405   Thumb Code    36  sysctl.o(i.SysCtlPeripheralEnable)
    SysTickEnable                            0x0000342d   Thumb Code    14  systick.o(i.SysTickEnable)
    SysTickIntEnable                         0x0000343b   Thumb Code    14  systick.o(i.SysTickIntEnable)
    SysTickIntHandler                        0x00003449   Thumb Code    16  es_port.o(i.SysTickIntHandler)
    SysTickPeriodSet                         0x0000345d   Thumb Code    10  systick.o(i.SysTickPeriodSet)
    TERMIO_Init                              0x00003469   Thumb Code    62  termio.o(i.TERMIO_Init)
    TERMIO_PutChar                           0x000034b9   Thumb Code     8  termio.o(i.TERMIO_PutChar)
    TimerConfigure                           0x000034c5   Thumb Code    88  timer.o(i.TimerConfigure)
    TimerEnable                              0x00003525   Thumb Code    14  timer.o(i.TimerEnable)
    TimerIntClear                            0x00003533   Thumb Code     4  timer.o(i.TimerIntClear)
    TimerIntEnable                           0x00003537   Thumb Code     8  timer.o(i.TimerIntEnable)
    TimerLoadSet                             0x0000353f   Thumb Code    18  timer.o(i.TimerLoadSet)
    TimerPrescaleSet                         0x00003551   Thumb Code    18  timer.o(i.TimerPrescaleSet)
    TurnOffLights                            0x00003563   Thumb Code     8  mastersm.o(i.TurnOffLights)
    UARTCharPut                              0x0000356b   Thumb Code    12  uart.o(i.UARTCharPut)
    UARTClockSourceSet                       0x00003577   Thumb Code     6  uart.o(i.UARTClockSourceSet)
    UARTStdioConfig                          0x0000357d   Thumb Code    82  uartstdio.o(i.UARTStdioConfig)
    _HW_DebugClearLine1                      0x000035d9   Thumb Code    16  es_port.o(i._HW_DebugClearLine1)
    _HW_DebugClearLine2                      0x000035ed   Thumb Code    16  es_port.o(i._HW_DebugClearLine2)
    _HW_DebugLines_Init                      0x00003601   Thumb Code    40  es_port.o(i._HW_DebugLines_Init)
    _HW_DebugSetLine1                        0x00003639   Thumb Code    16  es_port.o(i._HW_DebugSetLine1)
    _HW_DebugSetLine2                        0x0000364d   Thumb Code    16  es_port.o(i._HW_DebugSetLine2)
    _HW_Process_Pending_Ints                 0x00003661   Thumb Code    26  es_port.o(i._HW_Process_Pending_Ints)
    _HW_Timer_Init                           0x00003681   Thumb Code    22  es_port.o(i._HW_Timer_Init)
    _sys_exit                                0x00003697   Thumb Code     2  retarget.o(i._sys_exit)
    blastBeaconFreq                          0x00003699   Thumb Code    36  detecter_service.o(i.blastBeaconFreq)
    checkTowerDetected                       0x000036dd   Thumb Code    98  mastersm.o(i.checkTowerDetected)
    detStartOffenceState                     0x00003775   Thumb Code    74  offenceservice.o(i.detStartOffenceState)
    detStartReloadState                      0x00003839   Thumb Code    52  reloadservice.o(i.detStartReloadState)
    ferror                                   0x0000386d   Thumb Code     6  retarget.o(i.ferror)
    fputc                                    0x00003873   Thumb Code    14  retarget.o(i.fputc)
    getDetecterFreq                          0x00003881   Thumb Code    38  detecter_service.o(i.getDetecterFreq)
    initializeStepService                    0x000038b5   Thumb Code   100  motorservice.o(i.initializeStepService)
    main                                     0x0000391d   Thumb Code   112  main.o(i.main)
    __aeabi_d2f                              0x00003af1   Thumb Code     0  d2f.o(x$fpl$d2f)
    _d2f                                     0x00003af1   Thumb Code    98  d2f.o(x$fpl$d2f)
    __aeabi_dadd                             0x00003b55   Thumb Code     0  daddsub_clz.o(x$fpl$dadd)
    _dadd                                    0x00003b55   Thumb Code   332  daddsub_clz.o(x$fpl$dadd)
    __aeabi_ddiv                             0x00003ca5   Thumb Code     0  ddiv.o(x$fpl$ddiv)
    _ddiv                                    0x00003ca5   Thumb Code   552  ddiv.o(x$fpl$ddiv)
    __aeabi_d2uiz                            0x00003f55   Thumb Code     0  dfixu.o(x$fpl$dfixu)
    _dfixu                                   0x00003f55   Thumb Code    90  dfixu.o(x$fpl$dfixu)
    __aeabi_ui2d                             0x00003faf   Thumb Code     0  dflt_clz.o(x$fpl$dfltu)
    _dfltu                                   0x00003faf   Thumb Code    38  dflt_clz.o(x$fpl$dfltu)
    __aeabi_dmul                             0x00003fd5   Thumb Code     0  dmul.o(x$fpl$dmul)
    _dmul                                    0x00003fd5   Thumb Code   332  dmul.o(x$fpl$dmul)
    __fpl_dnaninf                            0x00004129   Thumb Code   156  dnaninf.o(x$fpl$dnaninf)
    __fpl_dretinf                            0x000041c5   Thumb Code    12  dretinf.o(x$fpl$dretinf)
    __aeabi_dsub                             0x000041d1   Thumb Code     0  daddsub_clz.o(x$fpl$dsub)
    _dsub                                    0x000041d1   Thumb Code   464  daddsub_clz.o(x$fpl$dsub)
    __aeabi_f2d                              0x000043a5   Thumb Code     0  f2d.o(x$fpl$f2d)
    _f2d                                     0x000043a5   Thumb Code    86  f2d.o(x$fpl$f2d)
    __fpl_fnaninf                            0x000043fb   Thumb Code   140  fnaninf.o(x$fpl$fnaninf)
    _fp_init                                 0x00004487   Thumb Code    10  fpinit.o(x$fpl$fpinit)
    __fplib_config_fpu_vfp                   0x0000448f   Thumb Code     0  fpinit.o(x$fpl$fpinit)
    __fplib_config_pureend_doubles           0x0000448f   Thumb Code     0  fpinit.o(x$fpl$fpinit)
    __fpl_fretinf                            0x00004491   Thumb Code    10  fretinf.o(x$fpl$fretinf)
    __I$use$fp                               0x0000449a   Number         0  usenofp.o(x$fpl$usenofp)
    BitNum2SetMask                           0x00004524   Data          32  es_lookuptables.o(.constdata)
    Nybble2MSBitNum                          0x00004544   Data          15  es_lookuptables.o(.constdata)
    Region$$Table$$Base                      0x000049bc   Number         0  anon$$obj.o(Region$$Table)
    Region$$Table$$Limit                     0x000049dc   Number         0  anon$$obj.o(Region$$Table)
    Ready                                    0x200000a0   Data           2  es_framework.o(.data)
    _PRIMASK_temp                            0x200000ac   Data           4  es_port.o(.data)
    __stdout                                 0x200000bc   Data           4  retarget.o(.data)
    __libspace_start                         0x20000170   Data          96  libspace.o(.bss)
    __temporary_stack_top$libspace           0x200001d0   Data           0  libspace.o(.bss)



==============================================================================

Memory Map of the image

  Image Entry point : 0x0000026d

  Load Region LR_IROM1 (Base: 0x00000000, Size: 0x00004aa4, Max: 0x00040000, ABSOLUTE)

    Execution Region ER_IROM1 (Base: 0x00000000, Size: 0x000049dc, Max: 0x00040000, ABSOLUTE)

    Base Addr    Size         Type   Attr      Idx    E Section Name        Object

    0x00000000   0x00000288   Code   RO          759  * RESET               startup_rvmdk.o
    0x00000288   0x00000008   Code   RO         2687  * !!!main             c_w.l(__main.o)
    0x00000290   0x00000034   Code   RO         2881    !!!scatter          c_w.l(__scatter.o)
    0x000002c4   0x0000001a   Code   RO         2883    !!handler_copy      c_w.l(__scatter_copy.o)
    0x000002de   0x00000002   PAD
    0x000002e0   0x0000001c   Code   RO         2885    !!handler_zi        c_w.l(__scatter_zi.o)
    0x000002fc   0x00000000   Code   RO         2680    .ARM.Collect$$_printf_percent$$00000000  c_w.l(_printf_percent.o)
    0x000002fc   0x00000006   Code   RO         2679    .ARM.Collect$$_printf_percent$$00000009  c_w.l(_printf_d.o)
    0x00000302   0x00000006   Code   RO         2678    .ARM.Collect$$_printf_percent$$00000014  c_w.l(_printf_s.o)
    0x00000308   0x00000004   Code   RO         2722    .ARM.Collect$$_printf_percent$$00000017  c_w.l(_printf_percent_end.o)
    0x0000030c   0x00000002   Code   RO         2760    .ARM.Collect$$libinit$$00000000  c_w.l(libinit.o)
    0x0000030e   0x00000004   Code   RO         2766    .ARM.Collect$$libinit$$00000001  c_w.l(libinit2.o)
    0x00000312   0x00000000   Code   RO         2770    .ARM.Collect$$libinit$$00000008  c_w.l(libinit2.o)
    0x00000312   0x00000000   Code   RO         2772    .ARM.Collect$$libinit$$0000000A  c_w.l(libinit2.o)
    0x00000312   0x00000000   Code   RO         2774    .ARM.Collect$$libinit$$0000000C  c_w.l(libinit2.o)
    0x00000312   0x00000000   Code   RO         2777    .ARM.Collect$$libinit$$0000000F  c_w.l(libinit2.o)
    0x00000312   0x00000000   Code   RO         2779    .ARM.Collect$$libinit$$00000011  c_w.l(libinit2.o)
    0x00000312   0x00000000   Code   RO         2781    .ARM.Collect$$libinit$$00000013  c_w.l(libinit2.o)
    0x00000312   0x00000000   Code   RO         2783    .ARM.Collect$$libinit$$00000015  c_w.l(libinit2.o)
    0x00000312   0x00000000   Code   RO         2785    .ARM.Collect$$libinit$$00000017  c_w.l(libinit2.o)
    0x00000312   0x00000000   Code   RO         2787    .ARM.Collect$$libinit$$00000019  c_w.l(libinit2.o)
    0x00000312   0x00000000   Code   RO         2789    .ARM.Collect$$libinit$$0000001B  c_w.l(libinit2.o)
    0x00000312   0x00000000   Code   RO         2791    .ARM.Collect$$libinit$$0000001D  c_w.l(libinit2.o)
    0x00000312   0x00000000   Code   RO         2793    .ARM.Collect$$libinit$$0000001F  c_w.l(libinit2.o)
    0x00000312   0x00000000   Code   RO         2795    .ARM.Collect$$libinit$$00000021  c_w.l(libinit2.o)
    0x00000312   0x00000000   Code   RO         2797    .ARM.Collect$$libinit$$00000023  c_w.l(libinit2.o)
    0x00000312   0x00000000   Code   RO         2801    .ARM.Collect$$libinit$$0000002A  c_w.l(libinit2.o)
    0x00000312   0x00000000   Code   RO         2803    .ARM.Collect$$libinit$$0000002C  c_w.l(libinit2.o)
    0x00000312   0x00000000   Code   RO         2805    .ARM.Collect$$libinit$$0000002E  c_w.l(libinit2.o)
    0x00000312   0x00000000   Code   RO         2807    .ARM.Collect$$libinit$$00000030  c_w.l(libinit2.o)
    0x00000312   0x00000002   Code   RO         2808    .ARM.Collect$$libinit$$00000031  c_w.l(libinit2.o)
    0x00000314   0x00000002   Code   RO         2826    .ARM.Collect$$libshutdown$$00000000  c_w.l(libshutdown.o)
    0x00000316   0x00000000   Code   RO         2837    .ARM.Collect$$libshutdown$$00000003  c_w.l(libshutdown2.o)
    0x00000316   0x00000000   Code   RO         2840    .ARM.Collect$$libshutdown$$00000006  c_w.l(libshutdown2.o)
    0x00000316   0x00000000   Code   RO         2843    .ARM.Collect$$libshutdown$$00000009  c_w.l(libshutdown2.o)
    0x00000316   0x00000000   Code   RO         2845    .ARM.Collect$$libshutdown$$0000000B  c_w.l(libshutdown2.o)
    0x00000316   0x00000000   Code   RO         2848    .ARM.Collect$$libshutdown$$0000000E  c_w.l(libshutdown2.o)
    0x00000316   0x00000002   Code   RO         2849    .ARM.Collect$$libshutdown$$0000000F  c_w.l(libshutdown2.o)
    0x00000318   0x00000000   Code   RO         2715    .ARM.Collect$$rtentry$$00000000  c_w.l(rtentry.o)
    0x00000318   0x00000000   Code   RO         2733    .ARM.Collect$$rtentry$$00000002  c_w.l(rtentry2.o)
    0x00000318   0x00000006   Code   RO         2745    .ARM.Collect$$rtentry$$00000004  c_w.l(rtentry4.o)
    0x0000031e   0x00000000   Code   RO         2735    .ARM.Collect$$rtentry$$00000009  c_w.l(rtentry2.o)
    0x0000031e   0x00000004   Code   RO         2736    .ARM.Collect$$rtentry$$0000000A  c_w.l(rtentry2.o)
    0x00000322   0x00000000   Code   RO         2738    .ARM.Collect$$rtentry$$0000000C  c_w.l(rtentry2.o)
    0x00000322   0x00000008   Code   RO         2739    .ARM.Collect$$rtentry$$0000000D  c_w.l(rtentry2.o)
    0x0000032a   0x00000002   Code   RO         2764    .ARM.Collect$$rtexit$$00000000  c_w.l(rtexit.o)
    0x0000032c   0x00000000   Code   RO         2810    .ARM.Collect$$rtexit$$00000002  c_w.l(rtexit2.o)
    0x0000032c   0x00000004   Code   RO         2811    .ARM.Collect$$rtexit$$00000003  c_w.l(rtexit2.o)
    0x00000330   0x00000006   Code   RO         2812    .ARM.Collect$$rtexit$$00000004  c_w.l(rtexit2.o)
    0x00000336   0x00000002   PAD
    0x00000338   0x00000006   Code   RO         1698    .emb_text           driverlib.lib(sysctl.o)
    0x0000033e   0x00000002   PAD
    0x00000340   0x00000026   Code   RO         2634    .emb_text           driverlib.lib(cpu.o)
    0x00000366   0x00000002   PAD
    0x00000368   0x0000001c   Code   RO          760    .text               startup_rvmdk.o
    0x00000384   0x00000002   Code   RO         2646    .text               c_w.l(use_no_semi.o)
    0x00000386   0x00000002   PAD
    0x00000388   0x00000018   Code   RO         2650    .text               c_w.l(noretval__2printf.o)
    0x000003a0   0x00000068   Code   RO         2652    .text               c_w.l(__printf.o)
    0x00000408   0x00000052   Code   RO         2654    .text               c_w.l(_printf_str.o)
    0x0000045a   0x00000002   PAD
    0x0000045c   0x00000074   Code   RO         2656    .text               c_w.l(_printf_dec.o)
    0x000004d0   0x0000002c   Code   RO         2683    .text               c_w.l(puts.o)
    0x000004fc   0x00000006   Code   RO         2685    .text               c_w.l(heapauxi.o)
    0x00000502   0x000000b2   Code   RO         2716    .text               c_w.l(_printf_intcommon.o)
    0x000005b4   0x0000002c   Code   RO         2718    .text               c_w.l(_printf_char.o)
    0x000005e0   0x00000024   Code   RO         2720    .text               c_w.l(_printf_char_file.o)
    0x00000604   0x00000030   Code   RO         2747    .text               c_w.l(_printf_char_common.o)
    0x00000634   0x0000004a   Code   RO         2749    .text               c_w.l(sys_stackheap_outer.o)
    0x0000067e   0x0000000c   Code   RO         2753    .text               c_w.l(exit.o)
    0x0000068a   0x00000002   PAD
    0x0000068c   0x00000008   Code   RO         2761    .text               c_w.l(libspace.o)
    0x00000694   0x00000014   Code   RO          522    i.AlignWithLineAction  reloadservice.o
    0x000006a8   0x00000008   Code   RO          918    i.CPUgetPRIMASK_cpsid  es_port.o
    0x000006b0   0x00000006   Code   RO          919    i.CPUsetPRIMASK     es_port.o
    0x000006b6   0x00000002   PAD
    0x000006b8   0x0000032c   Code   RO          161    i.ControlLaw        motorservice.o
    0x000009e4   0x00000028   Code   RO          162    i.DRIVE_STRAIGHT    motorservice.o
    0x00000a0c   0x00000010   Code   RO          695    i.DecrementBallsInPoss  mastersm.o
    0x00000a1c   0x00000048   Code   RO          482    i.DetecterInterruptResponse  detecter_service.o
    0x00000a64   0x00000010   Code   RO          523    i.DisableControlPeriodicInt  reloadservice.o
    0x00000a74   0x00000034   Code   RO          524    i.DriveToLineAction  reloadservice.o
    0x00000aa8   0x00000028   Code   RO          818    i.ES_CheckUserEvents  es_checkevents.o
    0x00000ad0   0x00000054   Code   RO         1023    i.ES_DeQueue        es_queue.o
    0x00000b24   0x00000048   Code   RO         1024    i.ES_EnQueueFIFO    es_queue.o
    0x00000b6c   0x00000034   Code   RO          902    i.ES_GetMSBitSet    es_lookuptables.o
    0x00000ba0   0x00000010   Code   RO         1026    i.ES_InitQueue      es_queue.o
    0x00000bb0   0x00000050   Code   RO          850    i.ES_Initialize     es_framework.o
    0x00000c00   0x00000038   Code   RO          852    i.ES_PostToService  es_framework.o
    0x00000c38   0x00000070   Code   RO          854    i.ES_Run            es_framework.o
    0x00000ca8   0x00000038   Code   RO          766    i.ES_ShortTimerInit  es_shorttimer.o
    0x00000ce0   0x00000060   Code   RO          767    i.ES_ShortTimerStart  es_shorttimer.o
    0x00000d40   0x00000004   Code   RO         1060    i.ES_Timer_Init     es_timers.o
    0x00000d44   0x0000003c   Code   RO         1061    i.ES_Timer_InitTimer  es_timers.o
    0x00000d80   0x0000006c   Code   RO         1065    i.ES_Timer_Tick_Resp  es_timers.o
    0x00000dec   0x0000001c   Code   RO          525    i.EmitStateAction   reloadservice.o
    0x00000e08   0x00000028   Code   RO         1261    i.GPIODirModeSet    driverlib.lib(gpio.o)
    0x00000e30   0x0000013a   Code   RO         1271    i.GPIOPadConfigSet  driverlib.lib(gpio.o)
    0x00000f6a   0x00000002   PAD
    0x00000f6c   0x00000048   Code   RO         1272    i.GPIOPinConfigure  driverlib.lib(gpio.o)
    0x00000fb4   0x0000001c   Code   RO         1281    i.GPIOPinTypeGPIOInput  driverlib.lib(gpio.o)
    0x00000fd0   0x0000001c   Code   RO         1297    i.GPIOPinTypeUART   driverlib.lib(gpio.o)
    0x00000fec   0x00000240   Code   RO          371    i.GameStatusEventChecker  spi.o
    0x0000122c   0x0000000c   Code   RO          696    i.GetAreWeAtTower   mastersm.o
    0x00001238   0x0000000c   Code   RO          697    i.GetBallsInPoss    mastersm.o
    0x00001244   0x0000000c   Code   RO          450    i.GetTapeValues     tapedetectorservice.o
    0x00001250   0x00000010   Code   RO          698    i.IncrementBallsInPoss  mastersm.o
    0x00001260   0x00000070   Code   RO          527    i.InitControlPeriodicInt  reloadservice.o
    0x000012d0   0x00000030   Code   RO          668    i.InitDefence       defenceservice.o
    0x00001300   0x000000b0   Code   RO          483    i.InitDetecterInterrupt  detecter_service.o
    0x000013b0   0x0000006c   Code   RO          484    i.InitDetecterService  detecter_service.o
    0x0000141c   0x000000a0   Code   RO          165    i.InitInputCapture  motorservice.o
    0x000014bc   0x000000a0   Code   RO          166    i.InitInputCapture2  motorservice.o
    0x0000155c   0x0000006c   Code   RO          699    i.InitMasterSM      mastersm.o
    0x000015c8   0x00000030   Code   RO          593    i.InitOffence       offenceservice.o
    0x000015f8   0x00000070   Code   RO          167    i.InitPeriodicInt   motorservice.o
    0x00001668   0x0000003c   Code   RO          528    i.InitReload        reloadservice.o
    0x000016a4   0x00000024   Code   RO          626    i.InitShooter       shooterservice.o
    0x000016c8   0x000000c8   Code   RO          451    i.InitTapeDetectorService  tapedetectorservice.o
    0x00001790   0x00000064   Code   RO          283    i.InitTestHarnessService0  testharnessservice0.o
    0x000017f4   0x00000054   Code   RO          168    i.InputCaptureResponse  motorservice.o
    0x00001848   0x00000058   Code   RO          169    i.InputCaptureResponse2  motorservice.o
    0x000018a0   0x00000064   Code   RO         1583    i.IntEnable         driverlib.lib(interrupt.o)
    0x00001904   0x0000000e   Code   RO         1586    i.IntMasterEnable   driverlib.lib(interrupt.o)
    0x00001912   0x00000002   PAD
    0x00001914   0x00000114   Code   RO          529    i.LFControlLaw      reloadservice.o
    0x00001a28   0x000006f8   Code   RO          344    i.PWM_Init          pwmlib.o
    0x00002120   0x000001c4   Code   RO          345    i.PWM_SetDuty       pwmlib.o
    0x000022e4   0x00000050   Code   RO          346    i.PWM_SetFreq       pwmlib.o
    0x00002334   0x000000a0   Code   RO          806    i.PortFunctionInit  enablepa25_pb23_pd7_pf0.o
    0x000023d4   0x00000010   Code   RO          669    i.PostDefence       defenceservice.o
    0x000023e4   0x00000010   Code   RO          700    i.PostMasterSM      mastersm.o
    0x000023f4   0x00000010   Code   RO          594    i.PostOffence       offenceservice.o
    0x00002404   0x00000010   Code   RO          530    i.PostReload        reloadservice.o
    0x00002414   0x00000010   Code   RO          628    i.PostShooter       shooterservice.o
    0x00002424   0x00000010   Code   RO          170    i.PostStepService   motorservice.o
    0x00002434   0x00000010   Code   RO          452    i.PostTapeDetectorService  tapedetectorservice.o
    0x00002444   0x00000178   Code   RO          670    i.RunDefence        defenceservice.o
    0x000025bc   0x0000038c   Code   RO          701    i.RunMasterSM       mastersm.o
    0x00002948   0x000000ec   Code   RO          595    i.RunOffence        offenceservice.o
    0x00002a34   0x00000210   Code   RO          531    i.RunReload         reloadservice.o
    0x00002c44   0x00000090   Code   RO          630    i.RunShooter        shooterservice.o
    0x00002cd4   0x0000001e   Code   RO          171    i.RunStepService    motorservice.o
    0x00002cf2   0x00000002   PAD
    0x00002cf4   0x0000010c   Code   RO          453    i.RunTapeDetectorService  tapedetectorservice.o
    0x00002e00   0x00000008   Code   RO          285    i.RunTestHarnessService0  testharnessservice0.o
    0x00002e08   0x00000084   Code   RO          172    i.SETRPM            motorservice.o
    0x00002e8c   0x0000000c   Code   RO          372    i.SPI_GetShotClock  spi.o
    0x00002e98   0x0000004c   Code   RO          374    i.SPI_GetStatusMessage  spi.o
    0x00002ee4   0x00000224   Code   RO          378    i.SPI_Init          spi.o
    0x00003108   0x00000070   Code   RO          379    i.SPI_InitPeriodic  spi.o
    0x00003178   0x0000004c   Code   RO          380    i.SPI_IntResponse   spi.o
    0x000031c4   0x0000004c   Code   RO          381    i.SPI_PeriodicResponse  spi.o
    0x00003210   0x00000020   Code   RO          173    i.STOP_MOTORS       motorservice.o
    0x00003230   0x00000030   Code   RO          631    i.Servo_Set_Pulse_Width  shooterservice.o
    0x00003260   0x0000000c   Code   RO          174    i.SetRPM1           motorservice.o
    0x0000326c   0x0000000c   Code   RO          175    i.SetRPM2           motorservice.o
    0x00003278   0x00000034   Code   RO          768    i.ShortTimerAHandler  es_shorttimer.o
    0x000032ac   0x00000038   Code   RO          769    i.ShortTimerBHandler  es_shorttimer.o
    0x000032e4   0x00000120   Code   RO         1703    i.SysCtlClockSet    driverlib.lib(sysctl.o)
    0x00003404   0x00000028   Code   RO         1732    i.SysCtlPeripheralEnable  driverlib.lib(sysctl.o)
    0x0000342c   0x0000000e   Code   RO         2041    i.SysTickEnable     driverlib.lib(systick.o)
    0x0000343a   0x0000000e   Code   RO         2043    i.SysTickIntEnable  driverlib.lib(systick.o)
    0x00003448   0x00000014   Code   RO          921    i.SysTickIntHandler  es_port.o
    0x0000345c   0x0000000a   Code   RO         2047    i.SysTickPeriodSet  driverlib.lib(systick.o)
    0x00003466   0x00000002   PAD
    0x00003468   0x00000050   Code   RO         1162    i.TERMIO_Init       termio.o
    0x000034b8   0x0000000c   Code   RO         1163    i.TERMIO_PutChar    termio.o
    0x000034c4   0x00000060   Code   RO         2107    i.TimerConfigure    driverlib.lib(timer.o)
    0x00003524   0x0000000e   Code   RO         2116    i.TimerEnable       driverlib.lib(timer.o)
    0x00003532   0x00000004   Code   RO         2117    i.TimerIntClear     driverlib.lib(timer.o)
    0x00003536   0x00000008   Code   RO         2119    i.TimerIntEnable    driverlib.lib(timer.o)
    0x0000353e   0x00000012   Code   RO         2125    i.TimerLoadSet      driverlib.lib(timer.o)
    0x00003550   0x00000012   Code   RO         2134    i.TimerPrescaleSet  driverlib.lib(timer.o)
    0x00003562   0x00000008   Code   RO          702    i.TurnOffLights     mastersm.o
    0x0000356a   0x0000000c   Code   RO         2353    i.UARTCharPut       driverlib.lib(uart.o)
    0x00003576   0x00000006   Code   RO         2357    i.UARTClockSourceSet  driverlib.lib(uart.o)
    0x0000357c   0x0000005c   Code   RO         1204    i.UARTStdioConfig   uartstdio.o
    0x000035d8   0x00000014   Code   RO          922    i._HW_DebugClearLine1  es_port.o
    0x000035ec   0x00000014   Code   RO          923    i._HW_DebugClearLine2  es_port.o
    0x00003600   0x00000038   Code   RO          924    i._HW_DebugLines_Init  es_port.o
    0x00003638   0x00000014   Code   RO          925    i._HW_DebugSetLine1  es_port.o
    0x0000364c   0x00000014   Code   RO          926    i._HW_DebugSetLine2  es_port.o
    0x00003660   0x00000020   Code   RO          928    i._HW_Process_Pending_Ints  es_port.o
    0x00003680   0x00000016   Code   RO          929    i._HW_Timer_Init    es_port.o
    0x00003696   0x00000002   Code   RO         1111    i._sys_exit         retarget.o
    0x00003698   0x00000044   Code   RO          485    i.blastBeaconFreq   detecter_service.o
    0x000036dc   0x00000098   Code   RO          703    i.checkTowerDetected  mastersm.o
    0x00003774   0x000000c4   Code   RO          596    i.detStartOffenceState  offenceservice.o
    0x00003838   0x00000034   Code   RO          532    i.detStartReloadState  reloadservice.o
    0x0000386c   0x00000006   Code   RO         1113    i.ferror            retarget.o
    0x00003872   0x0000000e   Code   RO         1115    i.fputc             retarget.o
    0x00003880   0x00000034   Code   RO          486    i.getDetecterFreq   detecter_service.o
    0x000038b4   0x00000068   Code   RO          177    i.initializeStepService  motorservice.o
    0x0000391c   0x000001d4   Code   RO            1    i.main              main.o
    0x00003af0   0x00000062   Code   RO         2689    x$fpl$d2f           fz_wm.l(d2f.o)
    0x00003b52   0x00000002   PAD
    0x00003b54   0x00000150   Code   RO         2691    x$fpl$dadd          fz_wm.l(daddsub_clz.o)
    0x00003ca4   0x000002b0   Code   RO         2698    x$fpl$ddiv          fz_wm.l(ddiv.o)
    0x00003f54   0x0000005a   Code   RO         2701    x$fpl$dfixu         fz_wm.l(dfixu.o)
    0x00003fae   0x00000026   Code   RO         2705    x$fpl$dfltu         fz_wm.l(dflt_clz.o)
    0x00003fd4   0x00000154   Code   RO         2711    x$fpl$dmul          fz_wm.l(dmul.o)
    0x00004128   0x0000009c   Code   RO         2723    x$fpl$dnaninf       fz_wm.l(dnaninf.o)
    0x000041c4   0x0000000c   Code   RO         2725    x$fpl$dretinf       fz_wm.l(dretinf.o)
    0x000041d0   0x000001d4   Code   RO         2693    x$fpl$dsub          fz_wm.l(daddsub_clz.o)
    0x000043a4   0x00000056   Code   RO         2713    x$fpl$f2d           fz_wm.l(f2d.o)
    0x000043fa   0x0000008c   Code   RO         2727    x$fpl$fnaninf       fz_wm.l(fnaninf.o)
    0x00004486   0x0000000a   Code   RO         2818    x$fpl$fpinit        fz_wm.l(fpinit.o)
    0x00004490   0x0000000a   Code   RO         2729    x$fpl$fretinf       fz_wm.l(fretinf.o)
    0x0000449a   0x00000000   Code   RO         2731    x$fpl$usenofp       fz_wm.l(usenofp.o)
    0x0000449a   0x00000002   PAD
    0x0000449c   0x00000008   Data   RO          819    .constdata          es_checkevents.o
    0x000044a4   0x00000080   Data   RO          863    .constdata          es_framework.o
    0x00004524   0x00000020   Data   RO          903    .constdata          es_lookuptables.o
    0x00004544   0x0000000f   Data   RO          904    .constdata          es_lookuptables.o
    0x00004553   0x00000001   PAD
    0x00004554   0x00000040   Data   RO         1067    .constdata          es_timers.o
    0x00004594   0x0000001c   Data   RO         1210    .constdata          uartstdio.o
    0x000045b0   0x00000210   Data   RO         1304    .constdata          driverlib.lib(gpio.o)
    0x000047c0   0x0000010c   Data   RO         1599    .constdata          driverlib.lib(interrupt.o)
    0x000048cc   0x0000004b   Data   RO          533    .conststring        reloadservice.o
    0x00004917   0x00000001   PAD
    0x00004918   0x00000042   Data   RO          597    .conststring        offenceservice.o
    0x0000495a   0x00000002   PAD
    0x0000495c   0x0000004b   Data   RO          671    .conststring        defenceservice.o
    0x000049a7   0x00000001   PAD
    0x000049a8   0x00000011   Data   RO         1211    .conststring        uartstdio.o
    0x000049b9   0x00000003   PAD
    0x000049bc   0x00000020   Data   RO         2879    Region$$Table       anon$$obj.o


    Execution Region RW_IRAM1 (Base: 0x20000000, Size: 0x000019d0, Max: 0x00008000, ABSOLUTE)

    Base Addr    Size         Type   Attr      Idx    E Section Name        Object

    0x20000000   0x0000005c   Data   RW          178    .data               motorservice.o
    0x2000005c   0x00000001   Data   RW          286    .data               testharnessservice0.o
    0x2000005d   0x0000000b   Data   RW          383    .data               spi.o
    0x20000068   0x00000004   Data   RW          454    .data               tapedetectorservice.o
    0x2000006c   0x00000014   Data   RW          487    .data               detecter_service.o
    0x20000080   0x00000010   Data   RW          534    .data               reloadservice.o
    0x20000090   0x00000002   Data   RW          598    .data               offenceservice.o
    0x20000092   0x00000001   Data   RW          632    .data               shooterservice.o
    0x20000093   0x00000002   Data   RW          672    .data               defenceservice.o
    0x20000095   0x00000008   Data   RW          704    .data               mastersm.o
    0x2000009d   0x00000002   Data   RW          770    .data               es_shorttimer.o
    0x2000009f   0x00000001   PAD
    0x200000a0   0x00000006   Data   RW          864    .data               es_framework.o
    0x200000a6   0x00000004   Data   RW          930    .data               es_port.o
    0x200000aa   0x00000002   PAD
    0x200000ac   0x00000004   Data   RW          931    .data               es_port.o
    0x200000b0   0x0000000a   Data   RW         1068    .data               es_timers.o
    0x200000ba   0x00000002   PAD
    0x200000bc   0x00000004   Data   RW         1116    .data               retarget.o
    0x200000c0   0x00000008   Data   RW         1212    .data               uartstdio.o
    0x200000c8   0x00000018   Zero   RW          855    .bss                es_framework.o
    0x200000e0   0x00000010   Zero   RW          856    .bss                es_framework.o
    0x200000f0   0x00000010   Zero   RW          857    .bss                es_framework.o
    0x20000100   0x00000010   Zero   RW          858    .bss                es_framework.o
    0x20000110   0x00000010   Zero   RW          859    .bss                es_framework.o
    0x20000120   0x00000010   Zero   RW          860    .bss                es_framework.o
    0x20000130   0x00000010   Zero   RW          861    .bss                es_framework.o
    0x20000140   0x00000010   Zero   RW          862    .bss                es_framework.o
    0x20000150   0x00000020   Zero   RW         1066    .bss                es_timers.o
    0x20000170   0x00000060   Zero   RW         2762    .bss                c_w.l(libspace.o)
    0x200001d0   0x00001000   Zero   RW          758    HEAP                startup_rvmdk.o
    0x200011d0   0x00000800   Zero   RW          757    STACK               startup_rvmdk.o


==============================================================================

Image component sizes


      Code (inc. data)   RO Data    RW Data    ZI Data      Debug   Object Name

       440        240         75          2          0       2989   defenceservice.o
       476        156          0         20          0       4178   detecter_service.o
       160         28          0          0          0        627   enablepa25_pb23_pd7_pf0.o
        40          6          8          0          0       1689   es_checkevents.o
       248         30        128          6        136       3408   es_framework.o
        52          4         47          0          0       1406   es_lookuptables.o
       224         42          0          8          0       7484   es_port.o
       172         10          0          0          0       2349   es_queue.o
       260         42          0          2          0       3529   es_shorttimer.o
       172         34         64         10         32       2594   es_timers.o
         0          0          0          0          0        456   eventcheckers.o
       468        356          0          0          0      10235   main.o
      1248        660          0          8          0       7102   mastersm.o
      1794        158          0         92          0      10677   motorservice.o
       496        304         66          2          0       3636   offenceservice.o
      2316        190          0          0          0       3319   pwmlib.o
      1160        482         75         16          0       7898   reloadservice.o
        22          0          0          4          0       3395   retarget.o
       244         92          0          1          0       3505   shooterservice.o
      1476        644          0         11          0       5583   spi.o
       676        640          0          0       6144        636   startup_rvmdk.o
       496        182          0          4          0       2989   tapedetectorservice.o
        92         22          0          0          0       1051   termio.o
       108         76          0          1          0       1455   testharnessservice0.o
        92         10         45          8          0       2381   uartstdio.o

    ----------------------------------------------------------------------
     12936       4408        548        200       6312      94571   Object Totals
         0          0         32          0          0          0   (incl. Generated)
         4          0          8          5          0          0   (incl. Padding)

    ----------------------------------------------------------------------

      Code (inc. data)   RO Data    RW Data    ZI Data      Debug   Library Member Name

         8          0          0          0          0         68   __main.o
       104          0          0          0          0         84   __printf.o
        52          8          0          0          0          0   __scatter.o
        26          0          0          0          0          0   __scatter_copy.o
        28          0          0          0          0          0   __scatter_zi.o
        44          0          0          0          0        108   _printf_char.o
        48          6          0          0          0         96   _printf_char_common.o
        36          4          0          0          0         80   _printf_char_file.o
         6          0          0          0          0          0   _printf_d.o
       116         16          0          0          0         92   _printf_dec.o
       178          0          0          0          0         88   _printf_intcommon.o
         0          0          0          0          0          0   _printf_percent.o
         4          0          0          0          0          0   _printf_percent_end.o
         6          0          0          0          0          0   _printf_s.o
        82          0          0          0          0         80   _printf_str.o
        12          0          0          0          0         72   exit.o
         6          0          0          0          0        152   heapauxi.o
         2          0          0          0          0          0   libinit.o
         6          0          0          0          0          0   libinit2.o
         2          0          0          0          0          0   libshutdown.o
         2          0          0          0          0          0   libshutdown2.o
         8          4          0          0         96         68   libspace.o
        24          4          0          0          0         84   noretval__2printf.o
        44          4          0          0          0         84   puts.o
         0          0          0          0          0          0   rtentry.o
        12          0          0          0          0          0   rtentry2.o
         6          0          0          0          0          0   rtentry4.o
         2          0          0          0          0          0   rtexit.o
        10          0          0          0          0          0   rtexit2.o
        74          0          0          0          0         80   sys_stackheap_outer.o
         2          0          0          0          0         68   use_no_semi.o
        38          0          0          0          0        504   cpu.o
       482          8        528          0          0       6412   gpio.o
       114          8        268          0          0       1774   interrupt.o
       334         22          0          0          0       1550   sysctl.o
        38          0          0          0          0       1218   systick.o
       158          8          0          0          0       2722   timer.o
        18          0          0          0          0        867   uart.o
        98          4          0          0          0        140   d2f.o
       804         16          0          0          0        368   daddsub_clz.o
       688        140          0          0          0        256   ddiv.o
        90          4          0          0          0        140   dfixu.o
        38          0          0          0          0        116   dflt_clz.o
       340         12          0          0          0        152   dmul.o
       156          4          0          0          0        140   dnaninf.o
        12          0          0          0          0        116   dretinf.o
        86          4          0          0          0        132   f2d.o
       140          4          0          0          0        132   fnaninf.o
        10          0          0          0          0        116   fpinit.o
        10          0          0          0          0        116   fretinf.o
         0          0          0          0          0          0   usenofp.o

    ----------------------------------------------------------------------
      4628        280        796          0         96      18275   Library Totals
        24          0          0          0          0          0   (incl. Padding)

    ----------------------------------------------------------------------

      Code (inc. data)   RO Data    RW Data    ZI Data      Debug   Library Name

       950         46          0          0         96       1304   c_w.l
      1182         46        796          0          0      15047   driverlib.lib
      2472        188          0          0          0       1924   fz_wm.l

    ----------------------------------------------------------------------
      4628        280        796          0         96      18275   Library Totals

    ----------------------------------------------------------------------

==============================================================================


      Code (inc. data)   RO Data    RW Data    ZI Data      Debug   

     17564       4688       1344        200       6408     100274   Grand Totals
     17564       4688       1344        200       6408     100274   ELF Image Totals
     17564       4688       1344        200          0          0   ROM Totals

==============================================================================

    Total RO  Size (Code + RO Data)                18908 (  18.46kB)
    Total RW  Size (RW Data + ZI Data)              6608 (   6.45kB)
    Total ROM Size (Code + RO Data + RW Data)      19108 (  18.66kB)

==============================================================================

